// Jest Snapshot v1, https://goo.gl/fbAQLP

exports[`loader should throw an error on ambiguous import (only on "dart-sass") (dart-sass) (sass): errors 1`] = `
Array [
  "ModuleBuildError: Module build failed (from ../src/cjs.js):
SassError: It's not clear which file to import. Found:",
]
`;

exports[`loader should throw an error on ambiguous import (only on "dart-sass") (dart-sass) (sass): warnings 1`] = `Array []`;

exports[`loader should throw an error on ambiguous import (only on "dart-sass") (dart-sass) (scss): errors 1`] = `
Array [
  "ModuleBuildError: Module build failed (from ../src/cjs.js):
SassError: It's not clear which file to import. Found:",
]
`;

exports[`loader should throw an error on ambiguous import (only on "dart-sass") (dart-sass) (scss): warnings 1`] = `Array []`;

exports[`loader should throw an error on ambiguous import (only on "dart-sass") (node-sass) (sass): errors 1`] = `Array []`;

exports[`loader should throw an error on ambiguous import (only on "dart-sass") (node-sass) (sass): warnings 1`] = `Array []`;

exports[`loader should throw an error on ambiguous import (only on "dart-sass") (node-sass) (scss): errors 1`] = `Array []`;

exports[`loader should throw an error on ambiguous import (only on "dart-sass") (node-sass) (scss): warnings 1`] = `Array []`;
