// Jest Snapshot v1, https://goo.gl/fbAQLP

exports[`sassOptions option should work with custom scheme import ('dart-sass', 'modern' API, 'sass' syntax): errors 1`] = `[]`;

exports[`sassOptions option should work with custom scheme import ('dart-sass', 'modern' API, 'sass' syntax): warnings 1`] = `[]`;

exports[`sassOptions option should work with custom scheme import ('dart-sass', 'modern' API, 'scss' syntax): errors 1`] = `[]`;

exports[`sassOptions option should work with custom scheme import ('dart-sass', 'modern' API, 'scss' syntax): warnings 1`] = `[]`;

exports[`sassOptions option should work with custom scheme import ('sass-embedded', 'modern' API, 'sass' syntax): errors 1`] = `[]`;

exports[`sassOptions option should work with custom scheme import ('sass-embedded', 'modern' API, 'sass' syntax): warnings 1`] = `[]`;

exports[`sassOptions option should work with custom scheme import ('sass-embedded', 'modern' API, 'scss' syntax): errors 1`] = `[]`;

exports[`sassOptions option should work with custom scheme import ('sass-embedded', 'modern' API, 'scss' syntax): warnings 1`] = `[]`;
